TAP version 13
ok 1 - Icecave\Parity\AbstractComparableTest::testIsEqualTo
ok 2 - Icecave\Parity\AbstractComparableTest::testIsNotEqualTo
ok 3 - Icecave\Parity\AbstractComparableTest::testIsLessThan
ok 4 - Icecave\Parity\AbstractComparableTest::testIsGreaterThan
ok 5 - Icecave\Parity\AbstractComparableTest::testIsLessThanOrEqualTo
ok 6 - Icecave\Parity\AbstractComparableTest::testIsGreaterThanOrEqualTo
ok 7 - Icecave\Parity\Comparator\AbstractComparatorTest::testDefaultCompare
ok 8 - Icecave\Parity\Comparator\AbstractComparatorTest::testCompareWithLHSComparable
ok 9 - Icecave\Parity\Comparator\AbstractComparatorTest::testCompareWithLHSRestrictedComparable
ok 10 - Icecave\Parity\Comparator\AbstractComparatorTest::testCompareWithLHSRestrictedComparableCanNotCompare
ok 11 - Icecave\Parity\Comparator\AbstractComparatorTest::testCompareWithLHSDelegatingComparable
ok 12 - Icecave\Parity\Comparator\AbstractComparatorTest::testCompareWithLHSDelegatingRestrictedComparable
ok 13 - Icecave\Parity\Comparator\AbstractComparatorTest::testCompareWithLHSDelegatingRestrictedComparableCanNotCompare
ok 14 - Icecave\Parity\Comparator\AbstractComparatorTest::testCompareWithRHSComparable
ok 15 - Icecave\Parity\Comparator\AbstractComparatorTest::testCompareWithRHSRestrictedComparable
ok 16 - Icecave\Parity\Comparator\AbstractComparatorTest::testCompareWithRHSRestrictedComparableCanNotCompare
ok 17 - Icecave\Parity\Comparator\AbstractComparatorTest::testCompareWithRHSDelegatingComparable
ok 18 - Icecave\Parity\Comparator\AbstractComparatorTest::testCompareWithRHSDelegatingRestrictedComparable
ok 19 - Icecave\Parity\Comparator\AbstractComparatorTest::testCompareWithRHSDelegatingRestrictedComparableCanNotCompare
ok 20 - Icecave\Parity\Comparator\AbstractComparatorTest::testCompareTwoRestrictedInverts
ok 21 - Icecave\Parity\Comparator\AbstractComparatorTest::testCompareTwoDelegatingRestrictedInverts
ok 22 - Icecave\Parity\Comparator\ComparatorTest::testDefaultCompare
ok 23 - Icecave\Parity\Comparator\DeepComparatorTest::testDefaultCompareNull
ok 24 - Icecave\Parity\Comparator\DeepComparatorTest::testDefaultCompareBoolean
ok 25 - Icecave\Parity\Comparator\DeepComparatorTest::testDefaultCompareInteger
ok 26 - Icecave\Parity\Comparator\DeepComparatorTest::testDefaultCompareFloat
ok 27 - Icecave\Parity\Comparator\DeepComparatorTest::testDefaultCompareString
ok 28 - Icecave\Parity\Comparator\DeepComparatorTest::testDefaultCompareBasic
ok 29 - Icecave\Parity\Comparator\DeepComparatorTest::testDefaultCompareWithArrayAndNonArray
ok 30 - Icecave\Parity\Comparator\DeepComparatorTest::testDefaultCompareWithArrays
ok 31 - Icecave\Parity\Comparator\DeepComparatorTest::testDefaultCompareWithAsocArrays
ok 32 - Icecave\Parity\Comparator\DeepComparatorTest::testDefaultCompareWithObjectAndNonObjectScalar
ok 33 - Icecave\Parity\Comparator\DeepComparatorTest::testDefaultCompareWithObjectAndNonObjectArray
ok 34 - Icecave\Parity\Comparator\DeepComparatorTest::testDefaultCompareWithObjectsDifferentClassTypes
ok 35 - Icecave\Parity\Comparator\DeepComparatorTest::testDefaultCompareWithObjectsDifferentInnerClassTypes
ok 36 - Icecave\Parity\Comparator\DeepComparatorTest::testDefaultCompareWithObjectsParentAndDerived
ok 37 - Icecave\Parity\Comparator\DeepComparatorTest::testDefaultCompareWithSimpleObjects
ok 38 - Icecave\Parity\Comparator\DeepComparatorTest::testDefaultCompareWithSimpleObjectsHavingDifferentTotalProperties
ok 39 - Icecave\Parity\Comparator\DeepComparatorTest::testDefaultCompareWithObjects
ok 40 - Icecave\Parity\Comparator\DeepComparatorTest::testDefaultCompareWithObjectsHavingUndeclaredProperties
ok 41 - Icecave\Parity\Comparator\DeepComparatorTest::testDefaultCompareWithObjectsHavingSharedInnerObject
ok 42 - Icecave\Parity\Comparator\DeepComparatorTest::testDefaultCompareWithSimpleObjectsRecursion
ok 43 - Icecave\Parity\Comparator\DeepComparatorTest::testDefaultCompareWithSimpleObjectsDoubleRecursion
ok 44 - Icecave\Parity\Comparator\DeepComparatorTest::testDefaultCompareWithSimpleObjectsBothHavingObject1AsFirstProperty
ok 45 - Icecave\Parity\Comparator\DeepComparatorTest::testDefaultCompareWithSimpleObjectsCrossReference
ok 46 - Icecave\Parity\Comparator\DeepComparatorTest::testDefaultCompareWithObjectsRecursive
ok 47 - Icecave\Parity\Comparator\DeepComparatorTest::testDefaultCompareWithObjectsHavingInternalArraysAndObjects
ok 48 - Icecave\Parity\Exception\NotComparableExceptionTest::testException
ok 49 - Icecave\Parity\ExtendedComparableTraitTest::testIsEqualTo
ok 50 - Icecave\Parity\ExtendedComparableTraitTest::testIsNotEqualTo
ok 51 - Icecave\Parity\ExtendedComparableTraitTest::testIsLessThan
ok 52 - Icecave\Parity\ExtendedComparableTraitTest::testIsGreaterThan
ok 53 - Icecave\Parity\ExtendedComparableTraitTest::testIsLessThanOrEqualTo
ok 54 - Icecave\Parity\ExtendedComparableTraitTest::testIsGreaterThanOrEqualTo
ok 55 - Icecave\Parity\ParityTest::testIsEqualTo
ok 56 - Icecave\Parity\ParityTest::testIsNotEqualTo
ok 57 - Icecave\Parity\ParityTest::testIsLessThan
ok 58 - Icecave\Parity\ParityTest::testIsGreaterThan
ok 59 - Icecave\Parity\ParityTest::testIsLessThanOrEqualTo
ok 60 - Icecave\Parity\ParityTest::testIsGreaterThanOrEqualTo
ok 61 - Icecave\Parity\ParityTest::testIsEqualToWithDefaultComparator
ok 62 - Icecave\Parity\ParityTest::testIsNotEqualToWithDefaultComparator
ok 63 - Icecave\Parity\ParityTest::testIsLessThanWithDefaultComparator
ok 64 - Icecave\Parity\ParityTest::testIsGreaterThanWithDefaultComparator
ok 65 - Icecave\Parity\ParityTest::testIsLessThanOrEqualToWithDefaultComparator
ok 66 - Icecave\Parity\ParityTest::testIsGreaterThanOrEqualToWithDefaultComparator
1..66
